// Jest Snapshot v1, https://goo.gl/fbAQLP

exports[`renders without crashing 1`] = `
<header
  className=" "
>
  <h1>
    Hvilket land vil du reise til?
  </h1>
</header>
`;
